// Jest Snapshot v1, https://goo.gl/fbAQLP

exports[`to do snapshot 1`] = `undefined`;
